// Jest Snapshot v1, https://goo.gl/fbAQLP

exports[`JfBillboardComponent should match the snapshot 1`] = `<div />`;
