// Jest Snapshot v1, https://goo.gl/fbAQLP

exports[`JfGraphsComponent should match the snapshot 1`] = `<div />`;
